START 2026-09-29T21:36:01
--- venv create ---

venv python exists: True
--- pip upgrade ---
Requirement already satisfied: pip in .\venv\Lib\site-packages (26.1.2)
Collecting pip
  Downloading pip-26.2.1-py3-none-any.whl.metadata (4.6 kB)
Downloading pip-26.2.1-py3-none-any.whl (1.8 MB)
   ---------------------------------------- 1.8/1.8 MB 967.2 kB/s  0:00:02
Installing collected packages: pip
  Attempting uninstall: pip
    Found existing installation: pip 26.1.2
    Uninstalling pip-26.1.2:
      Successfully uninstalled pip-26.1.2
Successfully installed pip-26.2.1

--- install requirements ---
Collecting Django<5.0,>=4.2 (from -r c:\Users\hp\Desktop\Eric project\InfraCred\backend\requirements.txt (line 1))
  Downloading django-4.2.30-py3-none-any.whl.metadata (4.2 kB)
Collecting djangorestframework (from -r c:\Users\hp\Desktop\Eric project\InfraCred\backend\requirements.txt (line 2))
  Downloading djangorestframework-3.18.1-py3-none-any.whl.metadata (7.8 kB)
Collecting djangorestframework-simplejwt (from -r c:\Users\hp\Desktop\Eric project\InfraCred\backend\requirements.txt (line 3))
  Downloading djangorestframework_simplejwt-5.5.1-py3-none-any.whl.metadata (4.6 kB)
Collecting Pillow>=10.0 (from -r c:\Users\hp\Desktop\Eric project\InfraCred\backend\requirements.txt (line 4))
  Downloading pillow-12.3.0-cp313-cp313-win_amd64.whl.metadata (9.3 kB)
Collecting django-cors-headers (from -r c:\Users\hp\Desktop\Eric project\InfraCred\backend\requirements.txt (line 5))
  Downloading django_cors_headers-4.9.0-py3-none-any.whl.metadata (16 kB)
Collecting psycopg2-binary (from -r c:\Users\hp\Desktop\Eric project\InfraCred\backend\requirements.txt (line 6))
  Downloading psycopg2_binary-2.9.13-cp313-cp313-win_amd64.whl.metadata (5.1 kB)
Collecting celery (from -r c:\Users\hp\Desktop\Eric project\InfraCred\backend\requirements.txt (line 7))
  Downloading celery-5.6.3-py3-none-any.whl.metadata (23 kB)
Collecting redis (from -r c:\Users\hp\Desktop\Eric project\InfraCred\backend\requirements.txt (line 8))
  Downloading redis-8.1.0-py3-none-any.whl.metadata (16 kB)
Collecting django-filter (from -r c:\Users\hp\Desktop\Eric project\InfraCred\backend\requirements.txt (line 9))
  Downloading django_filter-26.1-py3-none-any.whl.metadata (5.2 kB)
Collecting drf-spectacular (from -r c:\Users\hp\Desktop\Eric project\InfraCred\backend\requirements.txt (line 10))
  Downloading drf_spectacular-0.30.0-py3-none-any.whl.metadata (14 kB)
Collecting django-geojson (from -r c:\Users\hp\Desktop\Eric project\InfraCred\backend\requirements.txt (line 11))
  Downloading django_geojson-4.2.0-py3-none-any.whl.metadata (8.8 kB)
Collecting django-leaflet (from -r c:\Users\hp\Desktop\Eric project\InfraCred\backend\requirements.txt (line 12))
  Downloading django_leaflet-0.34.0-py3-none-any.whl.metadata (4.0 kB)
Collecting gunicorn (from -r c:\Users\hp\Desktop\Eric project\InfraCred\backend\requirements.txt (line 13))
  Downloading gunicorn-26.2.0-py3-none-any.whl.metadata (5.5 kB)
Collecting python-dotenv (from -r c:\Users\hp\Desktop\Eric project\InfraCred\backend\requirements.txt (line 14))
  Downloading python_dotenv-1.2.3-py3-none-any.whl.metadata (29 kB)
Collecting dj-database-url (from -r c:\Users\hp\Desktop\Eric project\InfraCred\backend\requirements.txt (line 15))
  Downloading dj_database_url-3.1.2-py3-none-any.whl.metadata (13 kB)
Collecting djangorestframework-gis (from -r c:\Users\hp\Desktop\Eric project\InfraCred\backend\requirements.txt (line 16))
  Downloading djangorestframework_gis-1.3.0-py2.py3-none-any.whl.metadata (30 kB)
Collecting asgiref<4,>=3.6.0 (from Django<5.0,>=4.2->-r c:\Users\hp\Desktop\Eric project\InfraCred\backend\requirements.txt (line 1))
  Downloading asgiref-3.12.1-py3-none-any.whl.metadata (9.4 kB)
Collecting sqlparse>=0.3.1 (from Django<5.0,>=4.2->-r c:\Users\hp\Desktop\Eric project\InfraCred\backend\requirements.txt (line 1))
  Downloading sqlparse-0.6.0-py3-none-any.whl.metadata (6.0 kB)
Collecting tzdata (from Django<5.0,>=4.2->-r c:\Users\hp\Desktop\Eric project\InfraCred\backend\requirements.txt (line 1))
  Downloading tzdata-2026.4-py2.py3-none-any.whl.metadata (1.4 kB)
INFO: pip is looking at multiple versions of djangorestframework to determine which version is compatible with other requirements. This could take a while.
Collecting djangorestframework (from -r c:\Users\hp\Desktop\Eric project\InfraCred\backend\requirements.txt (line 2))
  Downloading djangorestframework-3.18.0-py3-none-any.whl.metadata (7.8 kB)
  Downloading djangorestframework-3.17.2-py3-none-any.whl.metadata (7.9 kB)
Collecting pyjwt>=1.7.1 (from djangorestframework-simplejwt->-r c:\Users\hp\Desktop\Eric project\InfraCred\backend\requirements.txt (line 3))
  Downloading pyjwt-2.15.1-py3-none-any.whl.metadata (3.5 kB)
Collecting billiard<5.0,>=4.2.1 (from celery->-r c:\Users\hp\Desktop\Eric project\InfraCred\backend\requirements.txt (line 7))
  Downloading billiard-4.3.0-py3-none-any.whl.metadata (5.0 kB)
Collecting kombu>=5.6.0 (from celery->-r c:\Users\hp\Desktop\Eric project\InfraCred\backend\requirements.txt (line 7))
  Downloading kombu-5.6.2-py3-none-any.whl.metadata (3.5 kB)
Collecting vine<6.0,>=5.1.0 (from celery->-r c:\Users\hp\Desktop\Eric project\InfraCred\backend\requirements.txt (line 7))
  Downloading vine-5.1.0-py3-none-any.whl.metadata (2.7 kB)
Collecting click<9.0,>=8.1.2 (from celery->-r c:\Users\hp\Desktop\Eric project\InfraCred\backend\requirements.txt (line 7))
  Downloading click-8.5.0-py3-none-any.whl.metadata (2.6 kB)
Collecting click-didyoumean>=0.3.0 (from celery->-r c:\Users\hp\Desktop\Eric project\InfraCred\backend\requirements.txt (line 7))
  Downloading click_didyoumean-0.3.1-py3-none-any.whl.metadata (3.9 kB)
Collecting click-repl>=0.2.0 (from celery->-r c:\Users\hp\Desktop\Eric project\InfraCred\backend\requirements.txt (line 7))
  Downloading click_repl-0.4.0-py3-none-any.whl.metadata (3.7 kB)
Collecting click-plugins>=1.1.1 (from celery->-r c:\Users\hp\Desktop\Eric project\InfraCred\backend\requirements.txt (line 7))
  Downloading click_plugins-1.1.1.2-py2.py3-none-any.whl.metadata (6.5 kB)
Collecting python-dateutil>=2.8.2 (from celery->-r c:\Users\hp\Desktop\Eric project\InfraCred\backend\requirements.txt (line 7))
  Downloading python_dateutil-2.9.0.post0-py2.py3-none-any.whl.metadata (8.4 kB)
Collecting tzlocal (from celery->-r c:\Users\hp\Desktop\Eric project\InfraCred\backend\requirements.txt (line 7))
  Downloading tzlocal-5.4.4-py3-none-any.whl.metadata (7.7 kB)
INFO: pip is looking at multiple versions of django-filter to determine which version is compatible with other requirements. This could take a while.
Collecting django-filter (from -r c:\Users\hp\Desktop\Eric project\InfraCred\backend\requirements.txt (line 9))
  Downloading django_filter-25.2-py3-none-any.whl.metadata (5.1 kB)
  Downloading django_filter-25.1-py3-none-any.whl.metadata (5.1 kB)
Collecting uritemplate>=2.0.0 (from drf-spectacular->-r c:\Users\hp\Desktop\Eric project\InfraCred\backend\requirements.txt (line 10))
  Downloading uritemplate-4.2.0-py3-none-any.whl.metadata (2.6 kB)
Collecting PyYAML>=5.1 (from drf-spectacular->-r c:\Users\hp\Desktop\Eric project\InfraCred\backend\requirements.txt (line 10))
  Downloading pyyaml-6.0.3-cp313-cp313-win_amd64.whl.metadata (2.4 kB)
Collecting jsonschema>=2.6.0 (from drf-spectacular->-r c:\Users\hp\Desktop\Eric project\InfraCred\backend\requirements.txt (line 10))
  Downloading jsonschema-4.26.0-py3-none-any.whl.metadata (7.6 kB)
Collecting inflection>=0.3.1 (from drf-spectacular->-r c:\Users\hp\Desktop\Eric project\InfraCred\backend\requirements.txt (line 10))
  Downloading inflection-0.5.1-py2.py3-none-any.whl.metadata (1.7 kB)
Collecting prompt_toolkit>=3.0.36 (from click-repl>=0.2.0->celery->-r c:\Users\hp\Desktop\Eric project\InfraCred\backend\requirements.txt (line 7))
  Downloading prompt_toolkit-3.0.53-py3-none-any.whl.metadata (6.4 kB)
Collecting typing-extensions>=4.7.0 (from click-repl>=0.2.0->celery->-r c:\Users\hp\Desktop\Eric project\InfraCred\backend\requirements.txt (line 7))
  Downloading typing_extensions-4.16.0-py3-none-any.whl.metadata (3.3 kB)
Collecting attrs>=22.2.0 (from jsonschema>=2.6.0->drf-spectacular->-r c:\Users\hp\Desktop\Eric project\InfraCred\backend\requirements.txt (line 10))
  Downloading attrs-26.1.0-py3-none-any.whl.metadata (8.8 kB)
Collecting jsonschema-specifications>=2023.03.6 (from jsonschema>=2.6.0->drf-spectacular->-r c:\Users\hp\Desktop\Eric project\InfraCred\backend\requirements.txt (line 10))
  Downloading jsonschema_specifications-2025.9.1-py3-none-any.whl.metadata (2.9 kB)
Collecting referencing>=0.28.4 (from jsonschema>=2.6.0->drf-spectacular->-r c:\Users\hp\Desktop\Eric project\InfraCred\backend\requirements.txt (line 10))
  Downloading referencing-0.37.0-py3-none-any.whl.metadata (2.8 kB)
Collecting rpds-py>=0.25.0 (from jsonschema>=2.6.0->drf-spectacular->-r c:\Users\hp\Desktop\Eric project\InfraCred\backend\requirements.txt (line 10))
  Downloading rpds_py-2026.6.3-cp313-cp313-win_amd64.whl.metadata (4.2 kB)
Collecting amqp<6.0.0,>=5.1.1 (from kombu>=5.6.0->celery->-r c:\Users\hp\Desktop\Eric project\InfraCred\backend\requirements.txt (line 7))
  Downloading amqp-5.4.0-py3-none-any.whl.metadata (9.4 kB)
Collecting packaging (from kombu>=5.6.0->celery->-r c:\Users\hp\Desktop\Eric project\InfraCred\backend\requirements.txt (line 7))
  Downloading packaging-26.3-py3-none-any.whl.metadata (3.5 kB)
Collecting wcwidth>=0.1.4 (from prompt_toolkit>=3.0.36->click-repl>=0.2.0->celery->-r c:\Users\hp\Desktop\Eric project\InfraCred\backend\requirements.txt (line 7))
  Downloading wcwidth-0.9.1-cp310-abi3-win_amd64.whl.metadata (24 kB)
Collecting six>=1.5 (from python-dateutil>=2.8.2->celery->-r c:\Users\hp\Desktop\Eric project\InfraCred\backend\requirements.txt (line 7))
  Downloading six-1.17.0-py2.py3-none-any.whl.metadata (1.7 kB)
Downloading django-4.2.30-py3-none-any.whl (8.0 MB)
   ---------------------------------------- 8.0/8.0 MB 957.2 kB/s  0:00:08
Downloading asgiref-3.12.1-py3-none-any.whl (25 kB)
Downloading djangorestframework-3.17.2-py3-none-any.whl (899 kB)
   ---------------------------------------- 899.1/899.1 kB 1.0 MB/s  0:00:00
Downloading djangorestframework_simplejwt-5.5.1-py3-none-any.whl (107 kB)
Downloading pillow-12.3.0-cp313-cp313-win_amd64.whl (7.2 MB)
   ---------------------------------------- 7.2/7.2 MB 534.7 kB/s  0:00:13
Downloading django_cors_headers-4.9.0-py3-none-any.whl (12 kB)
Downloading psycopg2_binary-2.9.13-cp313-cp313-win_amd64.whl (2.8 MB)
   ---------------------------------------- 2.8/2.8 MB 394.8 kB/s  0:00:07
Downloading celery-5.6.3-py3-none-any.whl (451 kB)
Downloading billiard-4.3.0-py3-none-any.whl (88 kB)
Downloading click-8.5.0-py3-none-any.whl (125 kB)
Downloading vine-5.1.0-py3-none-any.whl (9.6 kB)
Downloading redis-8.1.0-py3-none-any.whl (560 kB)
   ---------------------------------------- 560.6/560.6 kB 528.6 kB/s  0:00:01
Downloading django_filter-25.1-py3-none-any.whl (94 kB)
Downloading drf_spectacular-0.30.0-py3-none-any.whl (111 kB)
Downloading django_geojson-4.2.0-py3-none-any.whl (22 kB)
Downloading django_leaflet-0.34.0-py3-none-any.whl (577 kB)
   ---------------------------------------- 577.2/577.2 kB 767.9 kB/s  0:00:01
Downloading gunicorn-26.2.0-py3-none-any.whl (228 kB)
Downloading python_dotenv-1.2.3-py3-none-any.whl (22 kB)
Downloading dj_database_url-3.1.2-py3-none-any.whl (9.0 kB)
Downloading djangorestframework_gis-1.3.0-py2.py3-none-any.whl (21 kB)
Downloading click_didyoumean-0.3.1-py3-none-any.whl (3.6 kB)
Downloading click_plugins-1.1.1.2-py2.py3-none-any.whl (11 kB)
Downloading click_repl-0.4.0-py3-none-any.whl (14 kB)
Downloading inflection-0.5.1-py2.py3-none-any.whl (9.5 kB)
Downloading jsonschema-4.26.0-py3-none-any.whl (90 kB)
Downloading attrs-26.1.0-py3-none-any.whl (67 kB)
Downloading jsonschema_specifications-2025.9.1-py3-none-any.whl (18 kB)
Downloading kombu-5.6.2-py3-none-any.whl (214 kB)
Downloading amqp-5.4.0-py3-none-any.whl (51 kB)
Downloading prompt_toolkit-3.0.53-py3-none-any.whl (392 kB)
Downloading pyjwt-2.15.1-py3-none-any.whl (33 kB)
Downloading python_dateutil-2.9.0.post0-py2.py3-none-any.whl (229 kB)
Downloading pyyaml-6.0.3-cp313-cp313-win_amd64.whl (154 kB)
Downloading referencing-0.37.0-py3-none-any.whl (26 kB)
Downloading rpds_py-2026.6.3-cp313-cp313-win_amd64.whl (219 kB)
Downloading six-1.17.0-py2.py3-none-any.whl (11 kB)
Downloading sqlparse-0.6.0-py3-none-any.whl (50 kB)
Downloading typing_extensions-4.16.0-py3-none-any.whl (45 kB)
Downloading tzdata-2026.4-py2.py3-none-any.whl (347 kB)
Downloading uritemplate-4.2.0-py3-none-any.whl (11 kB)
Downloading wcwidth-0.9.1-cp310-abi3-win_amd64.whl (596 kB)
   ---------------------------------------- 596.7/596.7 kB 767.5 kB/s  0:00:00
Downloading packaging-26.3-py3-none-any.whl (129 kB)
Downloading tzlocal-5.4.4-py3-none-any.whl (18 kB)
Installing collected packages: wcwidth, vine, uritemplate, tzdata, typing-extensions, sqlparse, six, rpds-py, redis, PyYAML, python-dotenv, pyjwt, psycopg2-binary, Pillow, packaging, inflection, gunicorn, click, billiard, attrs, asgiref, tzlocal, referencing, python-dateutil, prompt_toolkit, Django, click-plugins, click-didyoumean, amqp, kombu, jsonschema-specifications, djangorestframework, django-leaflet, django-geojson, django-filter, django-cors-headers, dj-database-url, click-repl, jsonschema, djangorestframework-simplejwt, djangorestframework-gis, celery, drf-spectacular

Successfully installed Django-4.2.30 Pillow-12.3.0 PyYAML-6.0.3 amqp-5.4.0 asgiref-3.12.1 attrs-26.1.0 billiard-4.3.0 celery-5.6.3 click-8.5.0 click-didyoumean-0.3.1 click-plugins-1.1.1.2 click-repl-0.4.0 dj-database-url-3.1.2 django-cors-headers-4.9.0 django-filter-25.1 django-geojson-4.2.0 django-leaflet-0.34.0 djangorestframework-3.17.2 djangorestframework-gis-1.3.0 djangorestframework-simplejwt-5.5.1 drf-spectacular-0.30.0 gunicorn-26.2.0 inflection-0.5.1 jsonschema-4.26.0 jsonschema-specifications-2025.9.1 kombu-5.6.2 packaging-26.3 prompt_toolkit-3.0.53 psycopg2-binary-2.9.13 pyjwt-2.15.1 python-dateutil-2.9.0.post0 python-dotenv-1.2.3 redis-8.1.0 referencing-0.37.0 rpds-py-2026.6.3 six-1.17.0 sqlparse-0.6.0 typing-extensions-4.16.0 tzdata-2026.4 tzlocal-5.4.4 uritemplate-4.2.0 vine-5.1.0 wcwidth-0.9.1

--- pip freeze (key pins) ---
amqp==5.4.0
asgiref==3.12.1
attrs==26.1.0
billiard==4.3.0
celery==5.6.3
click==8.5.0
click-didyoumean==0.3.1
click-plugins==1.1.1.2
click-repl==0.4.0
dj-database-url==3.1.2
Django==4.2.30
django-cors-headers==4.9.0
django-filter==25.1
django-geojson==4.2.0
django-leaflet==0.34.0
djangorestframework==3.17.2
djangorestframework-gis==1.3.0
djangorestframework_simplejwt==5.5.1
drf-spectacular==0.30.0
gunicorn==26.2.0
inflection==0.5.1
jsonschema==4.26.0
jsonschema-specifications==2025.9.1
kombu==5.6.2
packaging==26.3
pillow==12.3.0
prompt_toolkit==3.0.53
psycopg2-binary==2.9.13
PyJWT==2.15.1
python-dateutil==2.9.0.post0
python-dotenv==1.2.3
PyYAML==6.0.3
redis==8.1.0
referencing==0.37.0
rpds-py==2026.6.3
six==1.17.0
sqlparse==0.6.0
typing_extensions==4.16.0
tzdata==2026.4
tzlocal==5.4.4
uritemplate==4.2.0
vine==5.1.0
wcwidth==0.9.1

--- manage.py check ---
python.exe : Traceback (most recent call last):
At C:\Users\hp\Desktop\Eric project\rebuild_venv.ps1:26 char:2
+ (& $venvPy manage.py check 2>&1 | Out-String) | Out-File -Append -Enc ...
+  ~~~~~~~~~~~~~~~~~~~~~~~~~~~~~~
    + CategoryInfo          : NotSpecified: (Traceback (most recent call last)::String) [], RemoteException
    + FullyQualifiedErrorId : NativeCommandError
 
  File "C:\Users\hp\Desktop\Eric project\InfraCred\backend\manage.py", line 22, in <module>
    main()
    ~~~~^^
  File "C:\Users\hp\Desktop\Eric project\InfraCred\backend\manage.py", line 18, in main
    execute_from_command_line(sys.argv)
    ~~~~~~~~~~~~~~~~~~~~~~~~~^^^^^^^^^^
  File "C:\Users\hp\Desktop\Eric project\InfraCred\backend\venv\Lib\site-packages\django\core\management\__init__.py", 
line 442, in execute_from_command_line
    utility.execute()
    ~~~~~~~~~~~~~~~^^
  File "C:\Users\hp\Desktop\Eric project\InfraCred\backend\venv\Lib\site-packages\django\core\management\__init__.py", 
line 436, in execute
    self.fetch_command(subcommand).run_from_argv(self.argv)
    ~~~~~~~~~~~~~~~~~~~~~~~~~~~~~~~~~~~~~~~~~~~~^^^^^^^^^^^
  File "C:\Users\hp\Desktop\Eric project\InfraCred\backend\venv\Lib\site-packages\django\core\management\base.py", 
line 412, in run_from_argv
    self.execute(*args, **cmd_options)
    ~~~~~~~~~~~~^^^^^^^^^^^^^^^^^^^^^^
  File "C:\Users\hp\Desktop\Eric project\InfraCred\backend\venv\Lib\site-packages\django\core\management\base.py", 
line 458, in execute
    output = self.handle(*args, **options)
  File "C:\Users\hp\Desktop\Eric 
project\InfraCred\backend\venv\Lib\site-packages\django\core\management\commands\check.py", line 76, in handle
    self.check(
    ~~~~~~~~~~^
        app_configs=app_configs,
        ^^^^^^^^^^^^^^^^^^^^^^^^
    ...<4 lines>...
        databases=options["databases"],
        ^^^^^^^^^^^^^^^^^^^^^^^^^^^^^^^
    )
    ^
  File "C:\Users\hp\Desktop\Eric project\InfraCred\backend\venv\Lib\site-packages\django\core\management\base.py", 
line 485, in check
    all_issues = checks.run_checks(
        app_configs=app_configs,
    ...<2 lines>...
        databases=databases,
    )
  File "C:\Users\hp\Desktop\Eric project\InfraCred\backend\venv\Lib\site-packages\django\core\checks\registry.py", 
line 88, in run_checks
    new_errors = check(app_configs=app_configs, databases=databases)
  File "C:\Users\hp\Desktop\Eric project\InfraCred\backend\venv\Lib\site-packages\django\core\checks\urls.py", line 
14, in check_url_config
    return check_resolver(resolver)
  File "C:\Users\hp\Desktop\Eric project\InfraCred\backend\venv\Lib\site-packages\django\core\checks\urls.py", line 
24, in check_resolver
    return check_method()
  File "C:\Users\hp\Desktop\Eric project\InfraCred\backend\venv\Lib\site-packages\django\urls\resolvers.py", line 494, 
in check
    for pattern in self.url_patterns:
                   ^^^^^^^^^^^^^^^^^
  File "C:\Users\hp\Desktop\Eric project\InfraCred\backend\venv\Lib\site-packages\django\utils\functional.py", line 
57, in __get__
    res = instance.__dict__[self.name] = self.func(instance)
                                         ~~~~~~~~~^^^^^^^^^^
  File "C:\Users\hp\Desktop\Eric project\InfraCred\backend\venv\Lib\site-packages\django\urls\resolvers.py", line 715, 
in url_patterns
    patterns = getattr(self.urlconf_module, "urlpatterns", self.urlconf_module)
                       ^^^^^^^^^^^^^^^^^^^
  File "C:\Users\hp\Desktop\Eric project\InfraCred\backend\venv\Lib\site-packages\django\utils\functional.py", line 
57, in __get__
    res = instance.__dict__[self.name] = self.func(instance)
                                         ~~~~~~~~~^^^^^^^^^^
  File "C:\Users\hp\Desktop\Eric project\InfraCred\backend\venv\Lib\site-packages\django\urls\resolvers.py", line 708, 
in urlconf_module
    return import_module(self.urlconf_name)
  File "C:\Program Files\Python313\Lib\importlib\__init__.py", line 88, in import_module
    return _bootstrap._gcd_import(name[level:], package, level)
           ~~~~~~~~~~~~~~~~~~~~~~^^^^^^^^^^^^^^^^^^^^^^^^^^^^^^
  File "<frozen importlib._bootstrap>", line 1395, in _gcd_import
  File "<frozen importlib._bootstrap>", line 1360, in _find_and_load
  File "<frozen importlib._bootstrap>", line 1331, in _find_and_load_unlocked
  File "<frozen importlib._bootstrap>", line 935, in _load_unlocked
  File "<frozen importlib._bootstrap_external>", line 1023, in exec_module
  File "<frozen importlib._bootstrap>", line 488, in _call_with_frames_removed
  File "C:\Users\hp\Desktop\Eric project\InfraCred\backend\config\urls.py", line 15, in <module>
    path('api/geo/', include('apps.geo.urls')),
                     ~~~~~~~^^^^^^^^^^^^^^^^^
  File "C:\Users\hp\Desktop\Eric project\InfraCred\backend\venv\Lib\site-packages\django\urls\conf.py", line 38, in 
include
    urlconf_module = import_module(urlconf_module)
  File "C:\Program Files\Python313\Lib\importlib\__init__.py", line 88, in import_module
    return _bootstrap._gcd_import(name[level:], package, level)
           ~~~~~~~~~~~~~~~~~~~~~~^^^^^^^^^^^^^^^^^^^^^^^^^^^^^^
  File "<frozen importlib._bootstrap>", line 1395, in _gcd_import
  File "<frozen importlib._bootstrap>", line 1360, in _find_and_load
  File "<frozen importlib._bootstrap>", line 1331, in _find_and_load_unlocked
  File "<frozen importlib._bootstrap>", line 935, in _load_unlocked
  File "<frozen importlib._bootstrap_external>", line 1023, in exec_module
  File "<frozen importlib._bootstrap>", line 488, in _call_with_frames_removed
  File "C:\Users\hp\Desktop\Eric project\InfraCred\backend\apps\geo\urls.py", line 7, in <module>
    router.register(r'counties', CountyViewSet)
    ~~~~~~~~~~~~~~~^^^^^^^^^^^^^^^^^^^^^^^^^^^^
  File "C:\Users\hp\Desktop\Eric project\InfraCred\backend\venv\Lib\site-packages\rest_framework\routers.py", line 54, 
in register
    basename = self.get_default_basename(viewset)
  File "C:\Users\hp\Desktop\Eric project\InfraCred\backend\venv\Lib\site-packages\rest_framework\routers.py", line 
170, in get_default_basename
    assert queryset is not None, '`basename` argument not specified, and could ' \
           ^^^^^^^^^^^^^^^^^^^^
AssertionError: `basename` argument not specified, and could not automatically determine the name from the viewset, as 
it does not have a `.queryset` attribute.

check exit code: 1
--- makemigrations --check ---
python.exe : Traceback (most recent call last):
At C:\Users\hp\Desktop\Eric project\rebuild_venv.ps1:30 char:2
+ (& $venvPy manage.py makemigrations --check --dry-run 2>&1 | Out-Stri ...
+  ~~~~~~~~~~~~~~~~~~~~~~~~~~~~~~~~~~~~~~~~~~~~~~~~~~~~~~~~~
    + CategoryInfo          : NotSpecified: (Traceback (most recent call last)::String) [], RemoteException
    + FullyQualifiedErrorId : NativeCommandError
 
  File "C:\Users\hp\Desktop\Eric project\InfraCred\backend\manage.py", line 22, in <module>
    main()
    ~~~~^^
  File "C:\Users\hp\Desktop\Eric project\InfraCred\backend\manage.py", line 18, in main
    execute_from_command_line(sys.argv)
    ~~~~~~~~~~~~~~~~~~~~~~~~~^^^^^^^^^^
  File "C:\Users\hp\Desktop\Eric project\InfraCred\backend\venv\Lib\site-packages\django\core\management\__init__.py", 
line 442, in execute_from_command_line
    utility.execute()
    ~~~~~~~~~~~~~~~^^
  File "C:\Users\hp\Desktop\Eric project\InfraCred\backend\venv\Lib\site-packages\django\core\management\__init__.py", 
line 436, in execute
    self.fetch_command(subcommand).run_from_argv(self.argv)
    ~~~~~~~~~~~~~~~~~~~~~~~~~~~~~~~~~~~~~~~~~~~~^^^^^^^^^^^
  File "C:\Users\hp\Desktop\Eric project\InfraCred\backend\venv\Lib\site-packages\django\core\management\base.py", 
line 412, in run_from_argv
    self.execute(*args, **cmd_options)
    ~~~~~~~~~~~~^^^^^^^^^^^^^^^^^^^^^^
  File "C:\Users\hp\Desktop\Eric project\InfraCred\backend\venv\Lib\site-packages\django\core\management\base.py", 
line 453, in execute
    self.check()
    ~~~~~~~~~~^^
  File "C:\Users\hp\Desktop\Eric project\InfraCred\backend\venv\Lib\site-packages\django\core\management\base.py", 
line 485, in check
    all_issues = checks.run_checks(
        app_configs=app_configs,
    ...<2 lines>...
        databases=databases,
    )
  File "C:\Users\hp\Desktop\Eric project\InfraCred\backend\venv\Lib\site-packages\django\core\checks\registry.py", 
line 88, in run_checks
    new_errors = check(app_configs=app_configs, databases=databases)
  File "C:\Users\hp\Desktop\Eric project\InfraCred\backend\venv\Lib\site-packages\django\core\checks\urls.py", line 
14, in check_url_config
    return check_resolver(resolver)
  File "C:\Users\hp\Desktop\Eric project\InfraCred\backend\venv\Lib\site-packages\django\core\checks\urls.py", line 
24, in check_resolver
    return check_method()
  File "C:\Users\hp\Desktop\Eric project\InfraCred\backend\venv\Lib\site-packages\django\urls\resolvers.py", line 494, 
in check
    for pattern in self.url_patterns:
                   ^^^^^^^^^^^^^^^^^
  File "C:\Users\hp\Desktop\Eric project\InfraCred\backend\venv\Lib\site-packages\django\utils\functional.py", line 
57, in __get__
    res = instance.__dict__[self.name] = self.func(instance)
                                         ~~~~~~~~~^^^^^^^^^^
  File "C:\Users\hp\Desktop\Eric project\InfraCred\backend\venv\Lib\site-packages\django\urls\resolvers.py", line 715, 
in url_patterns
    patterns = getattr(self.urlconf_module, "urlpatterns", self.urlconf_module)
                       ^^^^^^^^^^^^^^^^^^^
  File "C:\Users\hp\Desktop\Eric project\InfraCred\backend\venv\Lib\site-packages\django\utils\functional.py", line 
57, in __get__
    res = instance.__dict__[self.name] = self.func(instance)
                                         ~~~~~~~~~^^^^^^^^^^
  File "C:\Users\hp\Desktop\Eric project\InfraCred\backend\venv\Lib\site-packages\django\urls\resolvers.py", line 708, 
in urlconf_module
    return import_module(self.urlconf_name)
  File "C:\Program Files\Python313\Lib\importlib\__init__.py", line 88, in import_module
    return _bootstrap._gcd_import(name[level:], package, level)
           ~~~~~~~~~~~~~~~~~~~~~~^^^^^^^^^^^^^^^^^^^^^^^^^^^^^^
  File "<frozen importlib._bootstrap>", line 1395, in _gcd_import
  File "<frozen importlib._bootstrap>", line 1360, in _find_and_load
  File "<frozen importlib._bootstrap>", line 1331, in _find_and_load_unlocked
  File "<frozen importlib._bootstrap>", line 935, in _load_unlocked
  File "<frozen importlib._bootstrap_external>", line 1023, in exec_module
  File "<frozen importlib._bootstrap>", line 488, in _call_with_frames_removed
  File "C:\Users\hp\Desktop\Eric project\InfraCred\backend\config\urls.py", line 15, in <module>
    path('api/geo/', include('apps.geo.urls')),
                     ~~~~~~~^^^^^^^^^^^^^^^^^
  File "C:\Users\hp\Desktop\Eric project\InfraCred\backend\venv\Lib\site-packages\django\urls\conf.py", line 38, in 
include
    urlconf_module = import_module(urlconf_module)
  File "C:\Program Files\Python313\Lib\importlib\__init__.py", line 88, in import_module
    return _bootstrap._gcd_import(name[level:], package, level)
           ~~~~~~~~~~~~~~~~~~~~~~^^^^^^^^^^^^^^^^^^^^^^^^^^^^^^
  File "<frozen importlib._bootstrap>", line 1395, in _gcd_import
  File "<frozen importlib._bootstrap>", line 1360, in _find_and_load
  File "<frozen importlib._bootstrap>", line 1331, in _find_and_load_unlocked
  File "<frozen importlib._bootstrap>", line 935, in _load_unlocked
  File "<frozen importlib._bootstrap_external>", line 1023, in exec_module
  File "<frozen importlib._bootstrap>", line 488, in _call_with_frames_removed
  File "C:\Users\hp\Desktop\Eric project\InfraCred\backend\apps\geo\urls.py", line 7, in <module>
    router.register(r'counties', CountyViewSet)
    ~~~~~~~~~~~~~~~^^^^^^^^^^^^^^^^^^^^^^^^^^^^
  File "C:\Users\hp\Desktop\Eric project\InfraCred\backend\venv\Lib\site-packages\rest_framework\routers.py", line 54, 
in register
    basename = self.get_default_basename(viewset)
  File "C:\Users\hp\Desktop\Eric project\InfraCred\backend\venv\Lib\site-packages\rest_framework\routers.py", line 
170, in get_default_basename
    assert queryset is not None, '`basename` argument not specified, and could ' \
           ^^^^^^^^^^^^^^^^^^^^
AssertionError: `basename` argument not specified, and could not automatically determine the name from the viewset, as 
it does not have a `.queryset` attribute.

--- showmigrations (summary) ---
python.exe : Traceback (most recent call last):
At C:\Users\hp\Desktop\Eric project\rebuild_venv.ps1:33 char:2
+ (& $venvPy manage.py showmigrations 2>&1 | Out-String) | Out-File -Ap ...
+  ~~~~~~~~~~~~~~~~~~~~~~~~~~~~~~~~~~~~~~~
    + CategoryInfo          : NotSpecified: (Traceback (most recent call last)::String) [], RemoteException
    + FullyQualifiedErrorId : NativeCommandError
 
  File "C:\Users\hp\Desktop\Eric project\InfraCred\backend\manage.py", line 22, in <module>
    main()
    ~~~~^^
  File "C:\Users\hp\Desktop\Eric project\InfraCred\backend\manage.py", line 18, in main
    execute_from_command_line(sys.argv)
    ~~~~~~~~~~~~~~~~~~~~~~~~~^^^^^^^^^^
  File "C:\Users\hp\Desktop\Eric project\InfraCred\backend\venv\Lib\site-packages\django\core\management\__init__.py", 
line 442, in execute_from_command_line
    utility.execute()
    ~~~~~~~~~~~~~~~^^
  File "C:\Users\hp\Desktop\Eric project\InfraCred\backend\venv\Lib\site-packages\django\core\management\__init__.py", 
line 436, in execute
    self.fetch_command(subcommand).run_from_argv(self.argv)
    ~~~~~~~~~~~~~~~~~~~~~~~~~~~~~~~~~~~~~~~~~~~~^^^^^^^^^^^
  File "C:\Users\hp\Desktop\Eric project\InfraCred\backend\venv\Lib\site-packages\django\core\management\base.py", 
line 412, in run_from_argv
    self.execute(*args, **cmd_options)
    ~~~~~~~~~~~~^^^^^^^^^^^^^^^^^^^^^^
  File "C:\Users\hp\Desktop\Eric project\InfraCred\backend\venv\Lib\site-packages\django\core\management\base.py", 
line 453, in execute
    self.check()
    ~~~~~~~~~~^^
  File "C:\Users\hp\Desktop\Eric project\InfraCred\backend\venv\Lib\site-packages\django\core\management\base.py", 
line 485, in check
    all_issues = checks.run_checks(
        app_configs=app_configs,
    ...<2 lines>...
        databases=databases,
    )
  File "C:\Users\hp\Desktop\Eric project\InfraCred\backend\venv\Lib\site-packages\django\core\checks\registry.py", 
line 88, in run_checks
    new_errors = check(app_configs=app_configs, databases=databases)
  File "C:\Users\hp\Desktop\Eric project\InfraCred\backend\venv\Lib\site-packages\django\core\checks\urls.py", line 
14, in check_url_config
    return check_resolver(resolver)
  File "C:\Users\hp\Desktop\Eric project\InfraCred\backend\venv\Lib\site-packages\django\core\checks\urls.py", line 
24, in check_resolver
    return check_method()
  File "C:\Users\hp\Desktop\Eric project\InfraCred\backend\venv\Lib\site-packages\django\urls\resolvers.py", line 494, 
in check
    for pattern in self.url_patterns:
                   ^^^^^^^^^^^^^^^^^
  File "C:\Users\hp\Desktop\Eric project\InfraCred\backend\venv\Lib\site-packages\django\utils\functional.py", line 
57, in __get__
    res = instance.__dict__[self.name] = self.func(instance)
                                         ~~~~~~~~~^^^^^^^^^^
  File "C:\Users\hp\Desktop\Eric project\InfraCred\backend\venv\Lib\site-packages\django\urls\resolvers.py", line 715, 
in url_patterns
    patterns = getattr(self.urlconf_module, "urlpatterns", self.urlconf_module)
                       ^^^^^^^^^^^^^^^^^^^
  File "C:\Users\hp\Desktop\Eric project\InfraCred\backend\venv\Lib\site-packages\django\utils\functional.py", line 
57, in __get__
    res = instance.__dict__[self.name] = self.func(instance)
                                         ~~~~~~~~~^^^^^^^^^^
  File "C:\Users\hp\Desktop\Eric project\InfraCred\backend\venv\Lib\site-packages\django\urls\resolvers.py", line 708, 
in urlconf_module
    return import_module(self.urlconf_name)
  File "C:\Program Files\Python313\Lib\importlib\__init__.py", line 88, in import_module
    return _bootstrap._gcd_import(name[level:], package, level)
           ~~~~~~~~~~~~~~~~~~~~~~^^^^^^^^^^^^^^^^^^^^^^^^^^^^^^
  File "<frozen importlib._bootstrap>", line 1395, in _gcd_import
  File "<frozen importlib._bootstrap>", line 1360, in _find_and_load
  File "<frozen importlib._bootstrap>", line 1331, in _find_and_load_unlocked
  File "<frozen importlib._bootstrap>", line 935, in _load_unlocked
  File "<frozen importlib._bootstrap_external>", line 1023, in exec_module
  File "<frozen importlib._bootstrap>", line 488, in _call_with_frames_removed
  File "C:\Users\hp\Desktop\Eric project\InfraCred\backend\config\urls.py", line 15, in <module>
    path('api/geo/', include('apps.geo.urls')),
                     ~~~~~~~^^^^^^^^^^^^^^^^^
  File "C:\Users\hp\Desktop\Eric project\InfraCred\backend\venv\Lib\site-packages\django\urls\conf.py", line 38, in 
include
    urlconf_module = import_module(urlconf_module)
  File "C:\Program Files\Python313\Lib\importlib\__init__.py", line 88, in import_module
    return _bootstrap._gcd_import(name[level:], package, level)
           ~~~~~~~~~~~~~~~~~~~~~~^^^^^^^^^^^^^^^^^^^^^^^^^^^^^^
  File "<frozen importlib._bootstrap>", line 1395, in _gcd_import
  File "<frozen importlib._bootstrap>", line 1360, in _find_and_load
  File "<frozen importlib._bootstrap>", line 1331, in _find_and_load_unlocked
  File "<frozen importlib._bootstrap>", line 935, in _load_unlocked
  File "<frozen importlib._bootstrap_external>", line 1023, in exec_module
  File "<frozen importlib._bootstrap>", line 488, in _call_with_frames_removed
  File "C:\Users\hp\Desktop\Eric project\InfraCred\backend\apps\geo\urls.py", line 7, in <module>
    router.register(r'counties', CountyViewSet)
    ~~~~~~~~~~~~~~~^^^^^^^^^^^^^^^^^^^^^^^^^^^^
  File "C:\Users\hp\Desktop\Eric project\InfraCred\backend\venv\Lib\site-packages\rest_framework\routers.py", line 54, 
in register
    basename = self.get_default_basename(viewset)
  File "C:\Users\hp\Desktop\Eric project\InfraCred\backend\venv\Lib\site-packages\rest_framework\routers.py", line 
170, in get_default_basename
    assert queryset is not None, '`basename` argument not specified, and could ' \
           ^^^^^^^^^^^^^^^^^^^^
AssertionError: `basename` argument not specified, and could not automatically determine the name from the viewset, as 
it does not have a `.queryset` attribute.

DONE 2026-09-29T21:39:45
